[Sun Jul 06 10:54:14 MSK 2025] Varvara joined the chat
[Sun Jul 06 10:54:18 MSK 2025] Varvara: 
[Sun Jul 06 10:54:19 MSK 2025] Varvara: 
[Sun Jul 06 10:54:20 MSK 2025] Varvara: 
[Sun Jul 06 10:54:20 MSK 2025] Varvara: 
[Sun Jul 06 10:54:20 MSK 2025] Varvara: 
[Sun Jul 06 10:54:21 MSK 2025] Varvara: 
[Sun Jul 06 10:54:21 MSK 2025] Varvara: 
[Sun Jul 06 10:54:28 MSK 2025] Varvara: Varvara
[Tue Jul 08 10:51:26 MSK 2025] Varvara joined the chat
[Tue Jul 08 10:51:29 MSK 2025] Varvara: 
[Tue Jul 08 10:51:32 MSK 2025] Varvara: 
[Tue Jul 08 10:51:32 MSK 2025] Varvara: 
[Tue Jul 08 10:51:33 MSK 2025] Varvara: 
[Tue Jul 08 10:51:33 MSK 2025] Varvara: 
[Tue Jul 08 10:51:33 MSK 2025] Varvara: 
[Tue Jul 08 10:51:33 MSK 2025] Varvara: 
[Tue Jul 08 10:51:33 MSK 2025] Varvara: 
[Tue Jul 08 10:51:33 MSK 2025] Varvara: 
[Tue Jul 08 10:51:33 MSK 2025] Varvara: 
[Tue Jul 08 10:51:33 MSK 2025] Varvara: 
[Tue Jul 08 10:51:33 MSK 2025] Varvara: 
[Tue Jul 08 10:51:34 MSK 2025] Varvara: 
[Tue Jul 08 10:51:34 MSK 2025] Varvara: 
[Tue Jul 08 10:51:34 MSK 2025] Varvara: 
[Tue Jul 08 10:51:34 MSK 2025] Varvara: 
[Tue Jul 08 10:51:34 MSK 2025] Varvara: 
[Tue Jul 08 10:51:34 MSK 2025] Varvara: 
[Tue Jul 08 10:51:34 MSK 2025] Varvara: 
[Tue Jul 08 10:51:34 MSK 2025] Varvara: 
[Tue Jul 08 10:51:34 MSK 2025] Varvara: 
[Tue Jul 08 10:51:34 MSK 2025] Varvara: 
[Tue Jul 08 10:51:34 MSK 2025] Varvara: 
[Tue Jul 08 10:51:34 MSK 2025] Varvara: 
[Tue Jul 08 10:51:34 MSK 2025] Varvara: 
[Tue Jul 08 10:51:34 MSK 2025] Varvara: 
[Tue Jul 08 10:51:34 MSK 2025] Varvara: 
[Tue Jul 08 10:51:34 MSK 2025] Varvara: 
[Tue Jul 08 10:51:34 MSK 2025] Varvara: 
[Tue Jul 08 10:51:34 MSK 2025] Varvara: 
[Tue Jul 08 10:51:34 MSK 2025] Varvara: 
[Tue Jul 08 10:51:34 MSK 2025] Varvara: 
[Tue Jul 08 10:51:34 MSK 2025] Varvara: 
[Tue Jul 08 10:51:34 MSK 2025] Varvara: 
[Tue Jul 08 10:59:50 MSK 2025] Varvara left the chat
[Tue Jul 08 11:01:57 MSK 2025] Varvara joined the chat
